This is a test file created by AI